// Jest Snapshot v1, https://goo.gl/fbAQLP

exports[`HTTP Logger should log a network error 1`] = `"  ⋅  http client ⋅ GET test-URL FetchError ERRNO12"`;
